2026-06-02 21:42:17.155 +03:00 [INF] Executed DbCommand (6ms) [Parameters=[], CommandType='"Text"', CommandTimeout='30']
SELECT COUNT(*) FROM "sqlite_master" WHERE "type" = 'table' AND "rootpage" IS NOT NULL;
2026-06-02 21:42:17.214 +03:00 [INF] Now listening on: http://localhost:5071
2026-06-02 21:42:17.216 +03:00 [INF] Application started. Press Ctrl+C to shut down.
2026-06-02 21:42:17.217 +03:00 [INF] Hosting environment: Development
2026-06-02 21:42:17.217 +03:00 [INF] Content root path: C:\Users\fahre\hotel-booking-integration\HotelBooking.API
2026-06-02 21:42:20.172 +03:00 [INF] Request starting HTTP/1.1 GET http://localhost:5071/swagger/index.html - null null
2026-06-02 21:42:20.243 +03:00 [INF] Request finished HTTP/1.1 GET http://localhost:5071/swagger/index.html - 200 null text/html;charset=utf-8 71.4473ms
2026-06-02 21:42:20.326 +03:00 [INF] Request starting HTTP/1.1 GET http://localhost:5071/swagger/v1/swagger.json - null null
2026-06-02 21:42:20.381 +03:00 [INF] Request finished HTTP/1.1 GET http://localhost:5071/swagger/v1/swagger.json - 200 null application/json;charset=utf-8 54.646ms
2026-06-02 21:43:14.931 +03:00 [INF] Request starting HTTP/1.1 POST http://localhost:5071/api/Booking/book - application/json 154
2026-06-02 21:43:14.936 +03:00 [WRN] Failed to determine the https port for redirect.
2026-06-02 21:43:14.938 +03:00 [INF] Executing endpoint 'HotelBooking.API.Controllers.BookingController.CreateBooking (HotelBooking.API)'
2026-06-02 21:43:14.954 +03:00 [INF] Route matched with {action = "CreateBooking", controller = "Booking"}. Executing controller action with signature System.Threading.Tasks.Task`1[Microsoft.AspNetCore.Mvc.IActionResult] CreateBooking(HotelBooking.API.Controllers.CreateBookingRequest) on controller HotelBooking.API.Controllers.BookingController (HotelBooking.API).
2026-06-02 21:43:14.994 +03:00 [INF] ========== НАЧАЛО СКВОЗНОГО СЦЕНАРИЯ ==========
2026-06-02 21:43:15.125 +03:00 [INF] Executed DbCommand (3ms) [Parameters=[@__roomId_0='?' (Size = 5)], CommandType='"Text"', CommandTimeout='30']
SELECT "r"."Id", "r"."Capacity", "r"."HotelId", "r"."IsAvailable", "r"."PricePerNight", "r"."RoomId", "r"."Type"
FROM "Rooms" AS "r"
WHERE "r"."RoomId" = @__roomId_0
LIMIT 1
2026-06-02 21:43:15.223 +03:00 [INF] Executed DbCommand (0ms) [Parameters=[@p0='?' (Size = 36), @p1='?' (DbType = DateTime), @p2='?' (DbType = DateTime), @p3='?' (DbType = DateTime), @p4='?' (Size = 16), @p5='?' (Size = 11), @p6='?' (Size = 5), @p7='?' (Size = 7), @p8='?' (DbType = Decimal)], CommandType='"Text"', CommandTimeout='30']
INSERT INTO "Bookings" ("BookingId", "CheckIn", "CheckOut", "CreatedAt", "GuestEmail", "GuestName", "RoomId", "Status", "TotalAmount")
VALUES (@p0, @p1, @p2, @p3, @p4, @p5, @p6, @p7, @p8)
RETURNING "Id";
2026-06-02 21:43:15.264 +03:00 [INF] Executed DbCommand (0ms) [Parameters=[@p1='?' (DbType = Int32), @p0='?' (Size = 9)], CommandType='"Text"', CommandTimeout='30']
UPDATE "Bookings" SET "Status" = @p0
WHERE "Id" = @p1
RETURNING 1;
2026-06-02 21:43:15.266 +03:00 [INF] Executed DbCommand (0ms) [Parameters=[@p0='?' (DbType = Decimal), @p1='?' (Size = 36), @p2='?' (DbType = DateTime), @p3='?' (Size = 36), @p4='?' (Size = 7)], CommandType='"Text"', CommandTimeout='30']
INSERT INTO "Payments" ("Amount", "BookingId", "PaymentDate", "PaymentId", "Status")
VALUES (@p0, @p1, @p2, @p3, @p4)
RETURNING "Id";
2026-06-02 21:43:15.274 +03:00 [INF] ========== СЦЕНАРИЙ ЗАВЕРШЕН ==========
2026-06-02 21:43:15.278 +03:00 [INF] Executed DbCommand (0ms) [Parameters=[@__bookingId_0='?' (Size = 36)], CommandType='"Text"', CommandTimeout='30']
SELECT "b"."Id", "b"."BookingId", "b"."CheckIn", "b"."CheckOut", "b"."CreatedAt", "b"."GuestEmail", "b"."GuestName", "b"."RoomId", "b"."Status", "b"."TotalAmount"
FROM "Bookings" AS "b"
WHERE "b"."BookingId" = @__bookingId_0
LIMIT 1
2026-06-02 21:43:15.283 +03:00 [INF] Executing OkObjectResult, writing value of type '<>f__AnonymousType0`4[[System.Boolean, System.Private.CoreLib, Version=8.0.0.0, Culture=neutral, PublicKeyToken=7cec85d7bea7798e],[System.String, System.Private.CoreLib, Version=8.0.0.0, Culture=neutral, PublicKeyToken=7cec85d7bea7798e],[System.String, System.Private.CoreLib, Version=8.0.0.0, Culture=neutral, PublicKeyToken=7cec85d7bea7798e],[System.Nullable`1[[System.Decimal, System.Private.CoreLib, Version=8.0.0.0, Culture=neutral, PublicKeyToken=7cec85d7bea7798e]], System.Private.CoreLib, Version=8.0.0.0, Culture=neutral, PublicKeyToken=7cec85d7bea7798e]]'.
2026-06-02 21:43:15.300 +03:00 [INF] Executed action HotelBooking.API.Controllers.BookingController.CreateBooking (HotelBooking.API) in 343.0736ms
2026-06-02 21:43:15.301 +03:00 [INF] Executed endpoint 'HotelBooking.API.Controllers.BookingController.CreateBooking (HotelBooking.API)'
2026-06-02 21:43:15.304 +03:00 [INF] Request finished HTTP/1.1 POST http://localhost:5071/api/Booking/book - 200 null application/json; charset=utf-8 373.3612ms
2026-06-02 22:05:36.575 +03:00 [INF] Application is shutting down...
2026-06-02 22:05:43.925 +03:00 [INF] Executed DbCommand (6ms) [Parameters=[], CommandType='"Text"', CommandTimeout='30']
SELECT COUNT(*) FROM "sqlite_master" WHERE "type" = 'table' AND "rootpage" IS NOT NULL;
2026-06-02 22:05:43.984 +03:00 [INF] Now listening on: http://localhost:5071
2026-06-02 22:05:43.987 +03:00 [INF] Application started. Press Ctrl+C to shut down.
2026-06-02 22:05:43.987 +03:00 [INF] Hosting environment: Development
2026-06-02 22:05:43.988 +03:00 [INF] Content root path: C:\Users\fahre\hotel-booking-integration\HotelBooking.API
2026-06-02 22:05:49.746 +03:00 [INF] Request starting HTTP/1.1 GET http://localhost:5071/swagger/index.html - null null
2026-06-02 22:05:49.815 +03:00 [INF] Request finished HTTP/1.1 GET http://localhost:5071/swagger/index.html - 200 null text/html;charset=utf-8 70.0294ms
2026-06-02 22:05:49.900 +03:00 [INF] Request starting HTTP/1.1 GET http://localhost:5071/swagger/v1/swagger.json - null null
2026-06-02 22:05:49.955 +03:00 [INF] Request finished HTTP/1.1 GET http://localhost:5071/swagger/v1/swagger.json - 200 null application/json;charset=utf-8 54.4738ms
2026-06-02 22:05:54.843 +03:00 [INF] Request starting HTTP/1.1 POST http://localhost:5071/api/Booking/book - application/json 158
2026-06-02 22:05:54.849 +03:00 [WRN] Failed to determine the https port for redirect.
2026-06-02 22:05:54.851 +03:00 [INF] Executing endpoint 'HotelBooking.API.Controllers.BookingController.CreateBooking (HotelBooking.API)'
2026-06-02 22:05:54.867 +03:00 [INF] Route matched with {action = "CreateBooking", controller = "Booking"}. Executing controller action with signature System.Threading.Tasks.Task`1[Microsoft.AspNetCore.Mvc.IActionResult] CreateBooking(HotelBooking.API.Controllers.CreateBookingRequest) on controller HotelBooking.API.Controllers.BookingController (HotelBooking.API).
2026-06-02 22:05:54.906 +03:00 [INF] ========== НАЧАЛО СКВОЗНОГО СЦЕНАРИЯ ==========
2026-06-02 22:05:55.037 +03:00 [INF] Executed DbCommand (3ms) [Parameters=[@__roomId_0='?' (Size = 6)], CommandType='"Text"', CommandTimeout='30']
SELECT "r"."Id", "r"."Capacity", "r"."HotelId", "r"."IsAvailable", "r"."PricePerNight", "r"."RoomId", "r"."Type"
FROM "Rooms" AS "r"
WHERE "r"."RoomId" = @__roomId_0
LIMIT 1
2026-06-02 22:05:55.046 +03:00 [INF] Executing ObjectResult, writing value of type '<>f__AnonymousType1`2[[System.Boolean, System.Private.CoreLib, Version=8.0.0.0, Culture=neutral, PublicKeyToken=7cec85d7bea7798e],[System.String, System.Private.CoreLib, Version=8.0.0.0, Culture=neutral, PublicKeyToken=7cec85d7bea7798e]]'.
2026-06-02 22:05:55.058 +03:00 [INF] Executed action HotelBooking.API.Controllers.BookingController.CreateBooking (HotelBooking.API) in 187.8935ms
2026-06-02 22:05:55.059 +03:00 [INF] Executed endpoint 'HotelBooking.API.Controllers.BookingController.CreateBooking (HotelBooking.API)'
2026-06-02 22:05:55.061 +03:00 [INF] Request finished HTTP/1.1 POST http://localhost:5071/api/Booking/book - 500 null application/json; charset=utf-8 217.9821ms
2026-06-02 22:06:27.160 +03:00 [INF] Application is shutting down...
2026-06-02 22:07:34.677 +03:00 [INF] Executed DbCommand (6ms) [Parameters=[], CommandType='"Text"', CommandTimeout='30']
SELECT COUNT(*) FROM "sqlite_master" WHERE "type" = 'table' AND "rootpage" IS NOT NULL;
2026-06-02 22:07:34.736 +03:00 [INF] Now listening on: http://localhost:5071
2026-06-02 22:07:34.738 +03:00 [INF] Application started. Press Ctrl+C to shut down.
2026-06-02 22:07:34.739 +03:00 [INF] Hosting environment: Development
2026-06-02 22:07:34.739 +03:00 [INF] Content root path: C:\Users\fahre\hotel-booking-integration\HotelBooking.API
2026-06-02 22:07:38.099 +03:00 [INF] Request starting HTTP/1.1 GET http://localhost:5071/swagger/index.html - null null
2026-06-02 22:07:38.173 +03:00 [INF] Request finished HTTP/1.1 GET http://localhost:5071/swagger/index.html - 200 null text/html;charset=utf-8 75.418ms
2026-06-02 22:07:38.251 +03:00 [INF] Request starting HTTP/1.1 GET http://localhost:5071/swagger/v1/swagger.json - null null
2026-06-02 22:07:38.306 +03:00 [INF] Request finished HTTP/1.1 GET http://localhost:5071/swagger/v1/swagger.json - 200 null application/json;charset=utf-8 55.0563ms
2026-06-02 22:07:57.841 +03:00 [INF] Request starting HTTP/1.1 POST http://localhost:5071/api/Booking/book - application/json 154
2026-06-02 22:07:57.846 +03:00 [WRN] Failed to determine the https port for redirect.
2026-06-02 22:07:57.848 +03:00 [INF] Executing endpoint 'HotelBooking.API.Controllers.BookingController.CreateBooking (HotelBooking.API)'
2026-06-02 22:07:57.864 +03:00 [INF] Route matched with {action = "CreateBooking", controller = "Booking"}. Executing controller action with signature System.Threading.Tasks.Task`1[Microsoft.AspNetCore.Mvc.IActionResult] CreateBooking(HotelBooking.API.Controllers.CreateBookingRequest) on controller HotelBooking.API.Controllers.BookingController (HotelBooking.API).
2026-06-02 22:07:57.905 +03:00 [INF] ========== НАЧАЛО СКВОЗНОГО СЦЕНАРИЯ ==========
2026-06-02 22:07:57.905 +03:00 [INF] 1. Гость выбирает номер: r_101
2026-06-02 22:07:57.906 +03:00 [INF] 2. Проверка доступности номера...
2026-06-02 22:07:58.043 +03:00 [INF] Executed DbCommand (3ms) [Parameters=[@__roomId_0='?' (Size = 5)], CommandType='"Text"', CommandTimeout='30']
SELECT "r"."Id", "r"."Capacity", "r"."HotelId", "r"."IsAvailable", "r"."PricePerNight", "r"."RoomId", "r"."Type"
FROM "Rooms" AS "r"
WHERE "r"."RoomId" = @__roomId_0
LIMIT 1
2026-06-02 22:07:58.075 +03:00 [INF]    ✅ Номер доступен
2026-06-02 22:07:58.075 +03:00 [INF] 3. Создание бронирования...
2026-06-02 22:07:58.139 +03:00 [INF] Executed DbCommand (0ms) [Parameters=[@p0='?' (Size = 36), @p1='?' (DbType = DateTime), @p2='?' (DbType = DateTime), @p3='?' (DbType = DateTime), @p4='?' (Size = 16), @p5='?' (Size = 11), @p6='?' (Size = 5), @p7='?' (Size = 7), @p8='?' (DbType = Decimal)], CommandType='"Text"', CommandTimeout='30']
INSERT INTO "Bookings" ("BookingId", "CheckIn", "CheckOut", "CreatedAt", "GuestEmail", "GuestName", "RoomId", "Status", "TotalAmount")
VALUES (@p0, @p1, @p2, @p3, @p4, @p5, @p6, @p7, @p8)
RETURNING "Id";
2026-06-02 22:07:58.158 +03:00 [INF]    ✅ Бронирование создано: 75ea6aac-8eb3-4a44-af0a-ee19acb8651e
2026-06-02 22:07:58.158 +03:00 [INF] 4. Обработка оплаты...
2026-06-02 22:07:58.180 +03:00 [INF] Executed DbCommand (0ms) [Parameters=[@p1='?' (DbType = Int32), @p0='?' (Size = 9)], CommandType='"Text"', CommandTimeout='30']
UPDATE "Bookings" SET "Status" = @p0
WHERE "Id" = @p1
RETURNING 1;
2026-06-02 22:07:58.182 +03:00 [INF] Executed DbCommand (0ms) [Parameters=[@p0='?' (DbType = Decimal), @p1='?' (Size = 36), @p2='?' (DbType = DateTime), @p3='?' (Size = 36), @p4='?' (Size = 7)], CommandType='"Text"', CommandTimeout='30']
INSERT INTO "Payments" ("Amount", "BookingId", "PaymentDate", "PaymentId", "Status")
VALUES (@p0, @p1, @p2, @p3, @p4)
RETURNING "Id";
2026-06-02 22:07:58.190 +03:00 [INF]    ✅ Оплата проведена: 29643705-85e3-4860-8547-29c3f62d3a3f
2026-06-02 22:07:58.191 +03:00 [INF] 5. Подтверждение бронирования...
2026-06-02 22:07:58.191 +03:00 [INF]    ✅ Бронирование подтверждено!
2026-06-02 22:07:58.192 +03:00 [INF] ========== СКВОЗНОЙ СЦЕНАРИЙ ЗАВЕРШЕН УСПЕШНО ==========
2026-06-02 22:07:58.196 +03:00 [INF] Executed DbCommand (0ms) [Parameters=[@__bookingId_0='?' (Size = 36)], CommandType='"Text"', CommandTimeout='30']
SELECT "b"."Id", "b"."BookingId", "b"."CheckIn", "b"."CheckOut", "b"."CreatedAt", "b"."GuestEmail", "b"."GuestName", "b"."RoomId", "b"."Status", "b"."TotalAmount"
FROM "Bookings" AS "b"
WHERE "b"."BookingId" = @__bookingId_0
LIMIT 1
2026-06-02 22:07:58.201 +03:00 [INF] Executing OkObjectResult, writing value of type '<>f__AnonymousType0`4[[System.Boolean, System.Private.CoreLib, Version=8.0.0.0, Culture=neutral, PublicKeyToken=7cec85d7bea7798e],[System.String, System.Private.CoreLib, Version=8.0.0.0, Culture=neutral, PublicKeyToken=7cec85d7bea7798e],[System.String, System.Private.CoreLib, Version=8.0.0.0, Culture=neutral, PublicKeyToken=7cec85d7bea7798e],[System.Nullable`1[[System.Decimal, System.Private.CoreLib, Version=8.0.0.0, Culture=neutral, PublicKeyToken=7cec85d7bea7798e]], System.Private.CoreLib, Version=8.0.0.0, Culture=neutral, PublicKeyToken=7cec85d7bea7798e]]'.
2026-06-02 22:07:58.218 +03:00 [INF] Executed action HotelBooking.API.Controllers.BookingController.CreateBooking (HotelBooking.API) in 350.6186ms
2026-06-02 22:07:58.219 +03:00 [INF] Executed endpoint 'HotelBooking.API.Controllers.BookingController.CreateBooking (HotelBooking.API)'
2026-06-02 22:07:58.222 +03:00 [INF] Request finished HTTP/1.1 POST http://localhost:5071/api/Booking/book - 200 null application/json; charset=utf-8 380.979ms
2026-06-02 22:11:24.728 +03:00 [INF] Application is shutting down...
