2026-06-04 00:28:11.781 +03:00 [INF] Executed DbCommand (6ms) [Parameters=[], CommandType='"Text"', CommandTimeout='30']
SELECT COUNT(*) FROM "sqlite_master" WHERE "type" = 'table' AND "rootpage" IS NOT NULL;
2026-06-04 00:28:11.841 +03:00 [INF] Now listening on: http://localhost:5071
2026-06-04 00:28:11.843 +03:00 [INF] Application started. Press Ctrl+C to shut down.
2026-06-04 00:28:11.843 +03:00 [INF] Hosting environment: Development
2026-06-04 00:28:11.844 +03:00 [INF] Content root path: C:\Users\fahre\hotel-booking-integration\HotelBooking.API
2026-06-04 00:28:31.947 +03:00 [INF] Request starting HTTP/1.1 GET http://localhost:5071/swagger/index.html - null null
2026-06-04 00:28:32.015 +03:00 [INF] Request finished HTTP/1.1 GET http://localhost:5071/swagger/index.html - 200 null text/html;charset=utf-8 68.6389ms
2026-06-04 00:28:32.107 +03:00 [INF] Request starting HTTP/1.1 GET http://localhost:5071/swagger/v1/swagger.json - null null
2026-06-04 00:28:32.157 +03:00 [INF] Request finished HTTP/1.1 GET http://localhost:5071/swagger/v1/swagger.json - 200 null application/json;charset=utf-8 50.2141ms
2026-06-04 00:34:41.692 +03:00 [INF] Request starting HTTP/1.1 GET http://localhost:5071/api/Booking/rooms - null null
2026-06-04 00:34:41.698 +03:00 [WRN] Failed to determine the https port for redirect.
2026-06-04 00:34:41.700 +03:00 [INF] Executing endpoint 'HotelBooking.API.Controllers.BookingController.GetRooms (HotelBooking.API)'
2026-06-04 00:34:41.716 +03:00 [INF] Route matched with {action = "GetRooms", controller = "Booking"}. Executing controller action with signature System.Threading.Tasks.Task`1[Microsoft.AspNetCore.Mvc.IActionResult] GetRooms() on controller HotelBooking.API.Controllers.BookingController (HotelBooking.API).
2026-06-04 00:34:41.720 +03:00 [INF] Кэш пуст, идём в БД...
2026-06-04 00:34:41.815 +03:00 [INF] Executed DbCommand (1ms) [Parameters=[], CommandType='"Text"', CommandTimeout='30']
SELECT "r"."Id", "r"."Capacity", "r"."HotelId", "r"."IsAvailable", "r"."PricePerNight", "r"."RoomId", "r"."Type"
FROM "Rooms" AS "r"
2026-06-04 00:34:41.847 +03:00 [INF] ⏱️ GetRooms из БД: 127 мс
2026-06-04 00:34:41.852 +03:00 [INF] Executing OkObjectResult, writing value of type 'System.Collections.Generic.List`1[[IntegrationService.Models.Room, IntegrationService, Version=1.0.0.0, Culture=neutral, PublicKeyToken=null]]'.
2026-06-04 00:34:41.880 +03:00 [INF] Executed action HotelBooking.API.Controllers.BookingController.GetRooms (HotelBooking.API) in 160.9763ms
2026-06-04 00:34:41.881 +03:00 [INF] Executed endpoint 'HotelBooking.API.Controllers.BookingController.GetRooms (HotelBooking.API)'
2026-06-04 00:34:41.883 +03:00 [INF] Request finished HTTP/1.1 GET http://localhost:5071/api/Booking/rooms - 200 null application/json; charset=utf-8 191.3577ms
2026-06-04 01:31:49.473 +03:00 [INF] Application is shutting down...
2026-06-04 01:40:36.253 +03:00 [INF] Executed DbCommand (6ms) [Parameters=[], CommandType='"Text"', CommandTimeout='30']
SELECT COUNT(*) FROM "sqlite_master" WHERE "type" = 'table' AND "rootpage" IS NOT NULL;
2026-06-04 01:40:36.315 +03:00 [INF] Now listening on: http://localhost:5071
2026-06-04 01:40:36.318 +03:00 [INF] Application started. Press Ctrl+C to shut down.
2026-06-04 01:40:36.319 +03:00 [INF] Hosting environment: Development
2026-06-04 01:40:36.319 +03:00 [INF] Content root path: C:\Users\fahre\hotel-booking-integration\HotelBooking.API
2026-06-04 01:40:52.205 +03:00 [INF] Application is shutting down...
2026-06-04 01:43:52.594 +03:00 [INF] Executed DbCommand (6ms) [Parameters=[], CommandType='"Text"', CommandTimeout='30']
SELECT COUNT(*) FROM "sqlite_master" WHERE "type" = 'table' AND "rootpage" IS NOT NULL;
2026-06-04 01:43:52.657 +03:00 [INF] Now listening on: http://localhost:5071
2026-06-04 01:43:52.659 +03:00 [INF] Application started. Press Ctrl+C to shut down.
2026-06-04 01:43:52.660 +03:00 [INF] Hosting environment: Development
2026-06-04 01:43:52.660 +03:00 [INF] Content root path: C:\Users\fahre\hotel-booking-integration\HotelBooking.API
2026-06-04 01:44:13.667 +03:00 [INF] Application is shutting down...
2026-06-04 01:44:26.953 +03:00 [INF] Executed DbCommand (6ms) [Parameters=[], CommandType='"Text"', CommandTimeout='30']
SELECT COUNT(*) FROM "sqlite_master" WHERE "type" = 'table' AND "rootpage" IS NOT NULL;
2026-06-04 01:44:27.018 +03:00 [INF] Now listening on: http://localhost:5071
2026-06-04 01:44:27.021 +03:00 [INF] Application started. Press Ctrl+C to shut down.
2026-06-04 01:44:27.021 +03:00 [INF] Hosting environment: Development
2026-06-04 01:44:27.022 +03:00 [INF] Content root path: C:\Users\fahre\hotel-booking-integration\HotelBooking.API
2026-06-04 01:44:38.872 +03:00 [INF] Request starting HTTP/1.1 GET http://localhost:5071/ - null null
2026-06-04 01:44:38.899 +03:00 [INF] The file /index.html was not modified
2026-06-04 01:44:38.904 +03:00 [INF] Request finished HTTP/1.1 GET http://localhost:5071/index.html - 304 null text/html 32.98ms
2026-06-04 01:44:38.954 +03:00 [INF] Request starting HTTP/1.1 GET http://localhost:5071/api/Booking/bookings - null null
2026-06-04 01:44:38.954 +03:00 [INF] Request starting HTTP/1.1 GET http://localhost:5071/api/Booking/rooms - null null
2026-06-04 01:44:38.961 +03:00 [WRN] Failed to determine the https port for redirect.
2026-06-04 01:44:38.964 +03:00 [INF] Executing endpoint 'HotelBooking.API.Controllers.BookingController.GetRooms (HotelBooking.API)'
2026-06-04 01:44:38.964 +03:00 [INF] Executing endpoint 'HotelBooking.API.Controllers.BookingController.GetBookings (HotelBooking.API)'
2026-06-04 01:44:38.980 +03:00 [INF] Route matched with {action = "GetBookings", controller = "Booking"}. Executing controller action with signature System.Threading.Tasks.Task`1[Microsoft.AspNetCore.Mvc.IActionResult] GetBookings() on controller HotelBooking.API.Controllers.BookingController (HotelBooking.API).
2026-06-04 01:44:38.980 +03:00 [INF] Route matched with {action = "GetRooms", controller = "Booking"}. Executing controller action with signature System.Threading.Tasks.Task`1[Microsoft.AspNetCore.Mvc.IActionResult] GetRooms() on controller HotelBooking.API.Controllers.BookingController (HotelBooking.API).
2026-06-04 01:44:38.983 +03:00 [INF] Кэш пуст, идём в БД...
2026-06-04 01:44:39.090 +03:00 [INF] Executed DbCommand (1ms) [Parameters=[], CommandType='"Text"', CommandTimeout='30']
SELECT "b"."Id", "b"."BookingId", "b"."CheckIn", "b"."CheckOut", "b"."CreatedAt", "b"."GuestEmail", "b"."GuestName", "b"."RoomId", "b"."Status", "b"."TotalAmount"
FROM "Bookings" AS "b"
2026-06-04 01:44:39.090 +03:00 [INF] Executed DbCommand (1ms) [Parameters=[], CommandType='"Text"', CommandTimeout='30']
SELECT "r"."Id", "r"."Capacity", "r"."HotelId", "r"."IsAvailable", "r"."PricePerNight", "r"."RoomId", "r"."Type"
FROM "Rooms" AS "r"
2026-06-04 01:44:39.123 +03:00 [INF] ⏱️ GetRooms из БД: 140 мс
2026-06-04 01:44:39.127 +03:00 [INF] Executing OkObjectResult, writing value of type 'System.Collections.Generic.List`1[[IntegrationService.Models.Booking, IntegrationService, Version=1.0.0.0, Culture=neutral, PublicKeyToken=null]]'.
2026-06-04 01:44:39.127 +03:00 [INF] Executing OkObjectResult, writing value of type 'System.Collections.Generic.List`1[[IntegrationService.Models.Room, IntegrationService, Version=1.0.0.0, Culture=neutral, PublicKeyToken=null]]'.
2026-06-04 01:44:39.163 +03:00 [INF] Request starting HTTP/1.1 GET http://localhost:5071/api/Booking/bookings - null null
2026-06-04 01:44:39.165 +03:00 [INF] Executed action HotelBooking.API.Controllers.BookingController.GetRooms (HotelBooking.API) in 180.5383ms
2026-06-04 01:44:39.165 +03:00 [INF] Executed action HotelBooking.API.Controllers.BookingController.GetBookings (HotelBooking.API) in 181.2711ms
2026-06-04 01:44:39.165 +03:00 [INF] Executed endpoint 'HotelBooking.API.Controllers.BookingController.GetRooms (HotelBooking.API)'
2026-06-04 01:44:39.166 +03:00 [INF] Executing endpoint 'HotelBooking.API.Controllers.BookingController.GetBookings (HotelBooking.API)'
2026-06-04 01:44:39.166 +03:00 [INF] Executed endpoint 'HotelBooking.API.Controllers.BookingController.GetBookings (HotelBooking.API)'
2026-06-04 01:44:39.167 +03:00 [INF] Route matched with {action = "GetBookings", controller = "Booking"}. Executing controller action with signature System.Threading.Tasks.Task`1[Microsoft.AspNetCore.Mvc.IActionResult] GetBookings() on controller HotelBooking.API.Controllers.BookingController (HotelBooking.API).
2026-06-04 01:44:39.168 +03:00 [INF] Request finished HTTP/1.1 GET http://localhost:5071/api/Booking/bookings - 200 null application/json; charset=utf-8 214.2714ms
2026-06-04 01:44:39.168 +03:00 [INF] Request finished HTTP/1.1 GET http://localhost:5071/api/Booking/rooms - 200 null application/json; charset=utf-8 214.2714ms
2026-06-04 01:44:39.205 +03:00 [INF] Executed DbCommand (0ms) [Parameters=[], CommandType='"Text"', CommandTimeout='30']
SELECT "b"."Id", "b"."BookingId", "b"."CheckIn", "b"."CheckOut", "b"."CreatedAt", "b"."GuestEmail", "b"."GuestName", "b"."RoomId", "b"."Status", "b"."TotalAmount"
FROM "Bookings" AS "b"
2026-06-04 01:44:39.207 +03:00 [INF] Executing OkObjectResult, writing value of type 'System.Collections.Generic.List`1[[IntegrationService.Models.Booking, IntegrationService, Version=1.0.0.0, Culture=neutral, PublicKeyToken=null]]'.
2026-06-04 01:44:39.208 +03:00 [INF] Executed action HotelBooking.API.Controllers.BookingController.GetBookings (HotelBooking.API) in 39.2938ms
2026-06-04 01:44:39.209 +03:00 [INF] Executed endpoint 'HotelBooking.API.Controllers.BookingController.GetBookings (HotelBooking.API)'
2026-06-04 01:44:39.209 +03:00 [INF] Request finished HTTP/1.1 GET http://localhost:5071/api/Booking/bookings - 200 null application/json; charset=utf-8 45.96ms
2026-06-04 01:44:50.416 +03:00 [INF] Request starting HTTP/1.1 GET http://localhost:5071/api/Booking/rooms - null null
2026-06-04 01:44:50.417 +03:00 [INF] Executing endpoint 'HotelBooking.API.Controllers.BookingController.GetRooms (HotelBooking.API)'
2026-06-04 01:44:50.418 +03:00 [INF] Route matched with {action = "GetRooms", controller = "Booking"}. Executing controller action with signature System.Threading.Tasks.Task`1[Microsoft.AspNetCore.Mvc.IActionResult] GetRooms() on controller HotelBooking.API.Controllers.BookingController (HotelBooking.API).
2026-06-04 01:44:50.419 +03:00 [INF] ⏱️ GetRooms из кэша: 0 мс
2026-06-04 01:44:50.420 +03:00 [INF] Executing OkObjectResult, writing value of type 'System.Collections.Generic.List`1[[IntegrationService.Models.Room, IntegrationService, Version=1.0.0.0, Culture=neutral, PublicKeyToken=null]]'.
2026-06-04 01:44:50.421 +03:00 [INF] Executed action HotelBooking.API.Controllers.BookingController.GetRooms (HotelBooking.API) in 2.0891ms
2026-06-04 01:44:50.422 +03:00 [INF] Executed endpoint 'HotelBooking.API.Controllers.BookingController.GetRooms (HotelBooking.API)'
2026-06-04 01:44:50.423 +03:00 [INF] Request finished HTTP/1.1 GET http://localhost:5071/api/Booking/rooms - 200 null application/json; charset=utf-8 6.7425ms
2026-06-04 01:44:57.039 +03:00 [INF] Request starting HTTP/1.1 GET http://localhost:5071/api/Booking/rooms - null null
2026-06-04 01:44:57.040 +03:00 [INF] Executing endpoint 'HotelBooking.API.Controllers.BookingController.GetRooms (HotelBooking.API)'
2026-06-04 01:44:57.041 +03:00 [INF] Route matched with {action = "GetRooms", controller = "Booking"}. Executing controller action with signature System.Threading.Tasks.Task`1[Microsoft.AspNetCore.Mvc.IActionResult] GetRooms() on controller HotelBooking.API.Controllers.BookingController (HotelBooking.API).
2026-06-04 01:44:57.042 +03:00 [INF] ⏱️ GetRooms из кэша: 0 мс
2026-06-04 01:44:57.042 +03:00 [INF] Executing OkObjectResult, writing value of type 'System.Collections.Generic.List`1[[IntegrationService.Models.Room, IntegrationService, Version=1.0.0.0, Culture=neutral, PublicKeyToken=null]]'.
2026-06-04 01:44:57.043 +03:00 [INF] Executed action HotelBooking.API.Controllers.BookingController.GetRooms (HotelBooking.API) in 1.5472ms
2026-06-04 01:44:57.044 +03:00 [INF] Executed endpoint 'HotelBooking.API.Controllers.BookingController.GetRooms (HotelBooking.API)'
2026-06-04 01:44:57.045 +03:00 [INF] Request finished HTTP/1.1 GET http://localhost:5071/api/Booking/rooms - 200 null application/json; charset=utf-8 6.0717ms
2026-06-04 01:45:01.200 +03:00 [INF] Request starting HTTP/1.1 GET http://localhost:5071/api/Booking/rooms - null null
2026-06-04 01:45:01.201 +03:00 [INF] Executing endpoint 'HotelBooking.API.Controllers.BookingController.GetRooms (HotelBooking.API)'
2026-06-04 01:45:01.202 +03:00 [INF] Route matched with {action = "GetRooms", controller = "Booking"}. Executing controller action with signature System.Threading.Tasks.Task`1[Microsoft.AspNetCore.Mvc.IActionResult] GetRooms() on controller HotelBooking.API.Controllers.BookingController (HotelBooking.API).
2026-06-04 01:45:01.202 +03:00 [INF] ⏱️ GetRooms из кэша: 0 мс
2026-06-04 01:45:01.203 +03:00 [INF] Executing OkObjectResult, writing value of type 'System.Collections.Generic.List`1[[IntegrationService.Models.Room, IntegrationService, Version=1.0.0.0, Culture=neutral, PublicKeyToken=null]]'.
2026-06-04 01:45:01.204 +03:00 [INF] Executed action HotelBooking.API.Controllers.BookingController.GetRooms (HotelBooking.API) in 1.3978ms
2026-06-04 01:45:01.204 +03:00 [INF] Executed endpoint 'HotelBooking.API.Controllers.BookingController.GetRooms (HotelBooking.API)'
2026-06-04 01:45:01.205 +03:00 [INF] Request finished HTTP/1.1 GET http://localhost:5071/api/Booking/rooms - 200 null application/json; charset=utf-8 5.4143ms
2026-06-04 01:45:15.778 +03:00 [INF] Request starting HTTP/1.1 POST http://localhost:5071/api/Booking/book - application/json 128
2026-06-04 01:45:15.779 +03:00 [INF] Executing endpoint 'HotelBooking.API.Controllers.BookingController.CreateBooking (HotelBooking.API)'
2026-06-04 01:45:15.787 +03:00 [INF] Route matched with {action = "CreateBooking", controller = "Booking"}. Executing controller action with signature System.Threading.Tasks.Task`1[Microsoft.AspNetCore.Mvc.IActionResult] CreateBooking(HotelBooking.API.Controllers.CreateBookingRequest) on controller HotelBooking.API.Controllers.BookingController (HotelBooking.API).
2026-06-04 01:45:15.806 +03:00 [INF] ========== НАЧАЛО СКВОЗНОГО СЦЕНАРИЯ ==========
2026-06-04 01:45:15.806 +03:00 [INF] 1️⃣ Гость выбирает номер: r_101
2026-06-04 01:45:15.807 +03:00 [INF] 2️⃣ Проверка доступности номера...
2026-06-04 01:45:15.849 +03:00 [INF] Executed DbCommand (2ms) [Parameters=[@__roomId_0='?' (Size = 5)], CommandType='"Text"', CommandTimeout='30']
SELECT "r"."Id", "r"."Capacity", "r"."HotelId", "r"."IsAvailable", "r"."PricePerNight", "r"."RoomId", "r"."Type"
FROM "Rooms" AS "r"
WHERE "r"."RoomId" = @__roomId_0
LIMIT 1
2026-06-04 01:45:15.851 +03:00 [INF]    ✅ Номер доступен
2026-06-04 01:45:15.851 +03:00 [INF] 3️⃣ Создание бронирования...
2026-06-04 01:45:15.910 +03:00 [INF] Executed DbCommand (0ms) [Parameters=[@p0='?' (Size = 36), @p1='?' (DbType = DateTime), @p2='?' (DbType = DateTime), @p3='?' (DbType = DateTime), @p4='?' (Size = 22), @p5='?' (Size = 5), @p6='?' (Size = 5), @p7='?' (Size = 7), @p8='?' (DbType = Decimal)], CommandType='"Text"', CommandTimeout='30']
INSERT INTO "Bookings" ("BookingId", "CheckIn", "CheckOut", "CreatedAt", "GuestEmail", "GuestName", "RoomId", "Status", "TotalAmount")
VALUES (@p0, @p1, @p2, @p3, @p4, @p5, @p6, @p7, @p8)
RETURNING "Id";
2026-06-04 01:45:15.927 +03:00 [INF]    ✅ Бронирование создано: BookingId=23e18a9c-5d2d-4dcd-8128-81b23b692223, Сумма=32000.0 руб
2026-06-04 01:45:15.928 +03:00 [INF] 4️⃣ Обработка оплаты...
2026-06-04 01:45:15.948 +03:00 [INF] Executed DbCommand (0ms) [Parameters=[@p1='?' (DbType = Int32), @p0='?' (Size = 9)], CommandType='"Text"', CommandTimeout='30']
UPDATE "Bookings" SET "Status" = @p0
WHERE "Id" = @p1
RETURNING 1;
2026-06-04 01:45:15.951 +03:00 [INF] Executed DbCommand (0ms) [Parameters=[@p0='?' (DbType = Decimal), @p1='?' (Size = 36), @p2='?' (DbType = DateTime), @p3='?' (Size = 36), @p4='?' (Size = 7)], CommandType='"Text"', CommandTimeout='30']
INSERT INTO "Payments" ("Amount", "BookingId", "PaymentDate", "PaymentId", "Status")
VALUES (@p0, @p1, @p2, @p3, @p4)
RETURNING "Id";
2026-06-04 01:45:15.958 +03:00 [INF]    ✅ Оплата проведена: PaymentId=15215051-0427-4da8-a3e4-beb7119de945, Статус=SUCCESS
2026-06-04 01:45:15.959 +03:00 [INF] 5️⃣ Подтверждение бронирования...
2026-06-04 01:45:15.959 +03:00 [INF]    ✅ Бронирование ПОДТВЕРЖДЕНО!
2026-06-04 01:45:15.959 +03:00 [INF] ========== СКВОЗНОЙ СЦЕНАРИЙ ЗАВЕРШЕН УСПЕШНО ==========
2026-06-04 01:45:15.963 +03:00 [INF] Executed DbCommand (0ms) [Parameters=[@__bookingId_0='?' (Size = 36)], CommandType='"Text"', CommandTimeout='30']
SELECT "b"."Id", "b"."BookingId", "b"."CheckIn", "b"."CheckOut", "b"."CreatedAt", "b"."GuestEmail", "b"."GuestName", "b"."RoomId", "b"."Status", "b"."TotalAmount"
FROM "Bookings" AS "b"
WHERE "b"."BookingId" = @__bookingId_0
LIMIT 1
2026-06-04 01:45:15.964 +03:00 [INF] Кэш rooms_list очищен
2026-06-04 01:45:15.965 +03:00 [INF] Executing OkObjectResult, writing value of type '<>f__AnonymousType0`3[[System.Boolean, System.Private.CoreLib, Version=8.0.0.0, Culture=neutral, PublicKeyToken=7cec85d7bea7798e],[System.String, System.Private.CoreLib, Version=8.0.0.0, Culture=neutral, PublicKeyToken=7cec85d7bea7798e],[System.Nullable`1[[System.Decimal, System.Private.CoreLib, Version=8.0.0.0, Culture=neutral, PublicKeyToken=7cec85d7bea7798e]], System.Private.CoreLib, Version=8.0.0.0, Culture=neutral, PublicKeyToken=7cec85d7bea7798e]]'.
2026-06-04 01:45:15.973 +03:00 [INF] Executed action HotelBooking.API.Controllers.BookingController.CreateBooking (HotelBooking.API) in 185.5121ms
2026-06-04 01:45:15.974 +03:00 [INF] Executed endpoint 'HotelBooking.API.Controllers.BookingController.CreateBooking (HotelBooking.API)'
2026-06-04 01:45:15.975 +03:00 [INF] Request finished HTTP/1.1 POST http://localhost:5071/api/Booking/book - 200 null application/json; charset=utf-8 196.8132ms
2026-06-04 01:45:16.949 +03:00 [INF] Request starting HTTP/1.1 GET http://localhost:5071/api/Booking/bookings - null null
2026-06-04 01:45:16.951 +03:00 [INF] Executing endpoint 'HotelBooking.API.Controllers.BookingController.GetBookings (HotelBooking.API)'
2026-06-04 01:45:16.951 +03:00 [INF] Route matched with {action = "GetBookings", controller = "Booking"}. Executing controller action with signature System.Threading.Tasks.Task`1[Microsoft.AspNetCore.Mvc.IActionResult] GetBookings() on controller HotelBooking.API.Controllers.BookingController (HotelBooking.API).
2026-06-04 01:45:16.953 +03:00 [INF] Executed DbCommand (0ms) [Parameters=[], CommandType='"Text"', CommandTimeout='30']
SELECT "b"."Id", "b"."BookingId", "b"."CheckIn", "b"."CheckOut", "b"."CreatedAt", "b"."GuestEmail", "b"."GuestName", "b"."RoomId", "b"."Status", "b"."TotalAmount"
FROM "Bookings" AS "b"
2026-06-04 01:45:16.954 +03:00 [INF] Executing OkObjectResult, writing value of type 'System.Collections.Generic.List`1[[IntegrationService.Models.Booking, IntegrationService, Version=1.0.0.0, Culture=neutral, PublicKeyToken=null]]'.
2026-06-04 01:45:16.955 +03:00 [INF] Executed action HotelBooking.API.Controllers.BookingController.GetBookings (HotelBooking.API) in 2.7478ms
2026-06-04 01:45:16.956 +03:00 [INF] Executed endpoint 'HotelBooking.API.Controllers.BookingController.GetBookings (HotelBooking.API)'
2026-06-04 01:45:16.956 +03:00 [INF] Request finished HTTP/1.1 GET http://localhost:5071/api/Booking/bookings - 200 null application/json; charset=utf-8 7.0185ms
2026-06-04 01:45:16.958 +03:00 [INF] Request starting HTTP/1.1 GET http://localhost:5071/api/Booking/bookings - null null
2026-06-04 01:45:16.959 +03:00 [INF] Executing endpoint 'HotelBooking.API.Controllers.BookingController.GetBookings (HotelBooking.API)'
2026-06-04 01:45:16.960 +03:00 [INF] Route matched with {action = "GetBookings", controller = "Booking"}. Executing controller action with signature System.Threading.Tasks.Task`1[Microsoft.AspNetCore.Mvc.IActionResult] GetBookings() on controller HotelBooking.API.Controllers.BookingController (HotelBooking.API).
2026-06-04 01:45:16.961 +03:00 [INF] Executed DbCommand (0ms) [Parameters=[], CommandType='"Text"', CommandTimeout='30']
SELECT "b"."Id", "b"."BookingId", "b"."CheckIn", "b"."CheckOut", "b"."CreatedAt", "b"."GuestEmail", "b"."GuestName", "b"."RoomId", "b"."Status", "b"."TotalAmount"
FROM "Bookings" AS "b"
2026-06-04 01:45:16.964 +03:00 [INF] Executing OkObjectResult, writing value of type 'System.Collections.Generic.List`1[[IntegrationService.Models.Booking, IntegrationService, Version=1.0.0.0, Culture=neutral, PublicKeyToken=null]]'.
2026-06-04 01:45:16.964 +03:00 [INF] Executed action HotelBooking.API.Controllers.BookingController.GetBookings (HotelBooking.API) in 3.6392ms
2026-06-04 01:45:16.965 +03:00 [INF] Executed endpoint 'HotelBooking.API.Controllers.BookingController.GetBookings (HotelBooking.API)'
2026-06-04 01:45:16.966 +03:00 [INF] Request finished HTTP/1.1 GET http://localhost:5071/api/Booking/bookings - 200 null application/json; charset=utf-8 7.5934ms
2026-06-04 01:45:19.968 +03:00 [INF] Request starting HTTP/1.1 GET http://localhost:5071/api/Booking/bookings - null null
2026-06-04 01:45:19.970 +03:00 [INF] Executing endpoint 'HotelBooking.API.Controllers.BookingController.GetBookings (HotelBooking.API)'
2026-06-04 01:45:19.971 +03:00 [INF] Route matched with {action = "GetBookings", controller = "Booking"}. Executing controller action with signature System.Threading.Tasks.Task`1[Microsoft.AspNetCore.Mvc.IActionResult] GetBookings() on controller HotelBooking.API.Controllers.BookingController (HotelBooking.API).
2026-06-04 01:45:19.972 +03:00 [INF] Executed DbCommand (0ms) [Parameters=[], CommandType='"Text"', CommandTimeout='30']
SELECT "b"."Id", "b"."BookingId", "b"."CheckIn", "b"."CheckOut", "b"."CreatedAt", "b"."GuestEmail", "b"."GuestName", "b"."RoomId", "b"."Status", "b"."TotalAmount"
FROM "Bookings" AS "b"
2026-06-04 01:45:19.974 +03:00 [INF] Executing OkObjectResult, writing value of type 'System.Collections.Generic.List`1[[IntegrationService.Models.Booking, IntegrationService, Version=1.0.0.0, Culture=neutral, PublicKeyToken=null]]'.
2026-06-04 01:45:19.974 +03:00 [INF] Executed action HotelBooking.API.Controllers.BookingController.GetBookings (HotelBooking.API) in 2.9574ms
2026-06-04 01:45:19.975 +03:00 [INF] Executed endpoint 'HotelBooking.API.Controllers.BookingController.GetBookings (HotelBooking.API)'
2026-06-04 01:45:19.976 +03:00 [INF] Request finished HTTP/1.1 GET http://localhost:5071/api/Booking/bookings - 200 null application/json; charset=utf-8 7.3246ms
2026-06-04 02:07:56.118 +03:00 [INF] Application is shutting down...
