2026-06-02 20:46:12.344 +03:00 [INF] === Integration Service Started ===
2026-06-02 20:46:12.381 +03:00 [INF] Transforming CartItem: ProductId=prod_123, Quantity=2, Price=100
2026-06-02 20:46:12.385 +03:00 [INF] OrderRequest created: TotalAmount=200
2026-06-02 21:14:14.301 +03:00 [INF] === Integration Service Started ===
2026-06-02 21:14:14.590 +03:00 [INF] Executed DbCommand (6ms) [Parameters=[], CommandType='"Text"', CommandTimeout='30']
SELECT COUNT(*) FROM "sqlite_master" WHERE "type" = 'table' AND "rootpage" IS NOT NULL;
2026-06-02 21:14:14.696 +03:00 [INF] Executed DbCommand (0ms) [Parameters=[], CommandType='"Text"', CommandTimeout='30']
SELECT EXISTS (
    SELECT 1
    FROM "Products" AS "p"
    WHERE "p"."ProductId" = 'prod_123')
2026-06-02 21:14:14.776 +03:00 [INF] Executed DbCommand (3ms) [Parameters=[@p0='?' (DbType = DateTime), @p1='?' (Size = 7), @p2='?' (DbType = Decimal), @p3='?' (Size = 8), @p4='?' (DbType = Int32)], CommandType='"Text"', CommandTimeout='30']
INSERT INTO "Products" ("CreatedAt", "Name", "Price", "ProductId", "Quantity")
VALUES (@p0, @p1, @p2, @p3, @p4)
RETURNING "Id";
2026-06-02 21:14:14.795 +03:00 [INF] Товар добавлен в каталог ✅
2026-06-02 21:14:14.812 +03:00 [INF] Executed DbCommand (0ms) [Parameters=[], CommandType='"Text"', CommandTimeout='30']
SELECT "p"."Id", "p"."CreatedAt", "p"."Name", "p"."Price", "p"."ProductId", "p"."Quantity"
FROM "Products" AS "p"
2026-06-02 21:14:14.826 +03:00 [INF] Executed DbCommand (0ms) [Parameters=[@p0='?' (DbType = DateTime), @p1='?' (Size = 36), @p2='?' (Size = 8), @p3='?' (DbType = Int32), @p4='?' (DbType = Decimal)], CommandType='"Text"', CommandTimeout='30']
INSERT INTO "Orders" ("CreatedAt", "OrderId", "ProductId", "Quantity", "TotalAmount")
VALUES (@p0, @p1, @p2, @p3, @p4)
RETURNING "Id";
2026-06-02 21:14:14.833 +03:00 [INF] Executed DbCommand (0ms) [Parameters=[], CommandType='"Text"', CommandTimeout='30']
SELECT "o"."Id", "o"."CreatedAt", "o"."OrderId", "o"."ProductId", "o"."Quantity", "o"."TotalAmount"
FROM "Orders" AS "o"
2026-06-02 21:17:16.274 +03:00 [INF] === Отель Бронирование Сервис Запущен ===
2026-06-02 21:17:16.564 +03:00 [INF] Executed DbCommand (6ms) [Parameters=[], CommandType='"Text"', CommandTimeout='30']
SELECT COUNT(*) FROM "sqlite_master" WHERE "type" = 'table' AND "rootpage" IS NOT NULL;
2026-06-02 21:17:16.665 +03:00 [INF] Executed DbCommand (0ms) [Parameters=[], CommandType='"Text"', CommandTimeout='30']
SELECT EXISTS (
    SELECT 1
    FROM "Hotels" AS "h"
    WHERE "h"."HotelId" = 'h_001')
2026-06-02 21:17:16.669 +03:00 [INF] Добавление отеля: Grand Hotel
2026-06-02 21:17:16.740 +03:00 [INF] Executed DbCommand (3ms) [Parameters=[@p0='?' (Size = 15), @p1='?' (Size = 6), @p2='?' (Size = 5), @p3='?' (Size = 11), @p4='?' (DbType = Double)], CommandType='"Text"', CommandTimeout='30']
INSERT INTO "Hotels" ("Address", "City", "HotelId", "Name", "Rating")
VALUES (@p0, @p1, @p2, @p3, @p4)
RETURNING "Id";
2026-06-02 21:17:16.759 +03:00 [INF] Отель добавлен ✅
2026-06-02 21:17:16.762 +03:00 [INF] Executed DbCommand (0ms) [Parameters=[], CommandType='"Text"', CommandTimeout='30']
SELECT EXISTS (
    SELECT 1
    FROM "Rooms" AS "r"
    WHERE "r"."RoomId" = 'r_101')
2026-06-02 21:17:16.763 +03:00 [INF] Добавление номера: r_101 в отель h_001
2026-06-02 21:17:16.779 +03:00 [INF] Executed DbCommand (0ms) [Parameters=[@p0='?' (DbType = Int32), @p1='?' (Size = 5), @p2='?' (DbType = Boolean), @p3='?' (DbType = Decimal), @p4='?' (Size = 5), @p5='?' (Size = 6)], CommandType='"Text"', CommandTimeout='30']
INSERT INTO "Rooms" ("Capacity", "HotelId", "IsAvailable", "PricePerNight", "RoomId", "Type")
VALUES (@p0, @p1, @p2, @p3, @p4, @p5)
RETURNING "Id";
2026-06-02 21:17:16.782 +03:00 [INF] Номер добавлен ✅
2026-06-02 21:17:16.798 +03:00 [INF] Executed DbCommand (0ms) [Parameters=[], CommandType='"Text"', CommandTimeout='30']
SELECT "h"."Id", "h"."Address", "h"."City", "h"."HotelId", "h"."Name", "h"."Rating"
FROM "Hotels" AS "h"
2026-06-02 21:17:16.802 +03:00 [INF] Executed DbCommand (0ms) [Parameters=[], CommandType='"Text"', CommandTimeout='30']
SELECT "r"."Id", "r"."Capacity", "r"."HotelId", "r"."IsAvailable", "r"."PricePerNight", "r"."RoomId", "r"."Type"
FROM "Rooms" AS "r"
2026-06-02 21:17:16.805 +03:00 [INF] Создание бронирования для номера: r_101
2026-06-02 21:17:16.810 +03:00 [INF] Executed DbCommand (0ms) [Parameters=[@__roomId_0='?' (Size = 5)], CommandType='"Text"', CommandTimeout='30']
SELECT "r"."Id", "r"."Capacity", "r"."HotelId", "r"."IsAvailable", "r"."PricePerNight", "r"."RoomId", "r"."Type"
FROM "Rooms" AS "r"
WHERE "r"."RoomId" = @__roomId_0
LIMIT 1
2026-06-02 21:17:16.826 +03:00 [INF] Executed DbCommand (0ms) [Parameters=[@p0='?' (Size = 36), @p1='?' (DbType = DateTime), @p2='?' (DbType = DateTime), @p3='?' (DbType = DateTime), @p4='?' (Size = 16), @p5='?' (Size = 11), @p6='?' (Size = 5), @p7='?' (Size = 7), @p8='?' (DbType = Decimal)], CommandType='"Text"', CommandTimeout='30']
INSERT INTO "Bookings" ("BookingId", "CheckIn", "CheckOut", "CreatedAt", "GuestEmail", "GuestName", "RoomId", "Status", "TotalAmount")
VALUES (@p0, @p1, @p2, @p3, @p4, @p5, @p6, @p7, @p8)
RETURNING "Id";
2026-06-02 21:17:16.830 +03:00 [INF] Бронирование создано: e2ab1811-f9cf-42e5-9054-9a9bbb868280, сумма: 24000
2026-06-02 21:17:16.834 +03:00 [INF] Обработка оплаты для бронирования: e2ab1811-f9cf-42e5-9054-9a9bbb868280
2026-06-02 21:17:16.837 +03:00 [INF] Executed DbCommand (0ms) [Parameters=[@__bookingId_0='?' (Size = 36)], CommandType='"Text"', CommandTimeout='30']
SELECT "b"."Id", "b"."BookingId", "b"."CheckIn", "b"."CheckOut", "b"."CreatedAt", "b"."GuestEmail", "b"."GuestName", "b"."RoomId", "b"."Status", "b"."TotalAmount"
FROM "Bookings" AS "b"
WHERE "b"."BookingId" = @__bookingId_0
LIMIT 1
2026-06-02 21:17:16.856 +03:00 [INF] Executed DbCommand (0ms) [Parameters=[@p1='?' (DbType = Int32), @p0='?' (Size = 9)], CommandType='"Text"', CommandTimeout='30']
UPDATE "Bookings" SET "Status" = @p0
WHERE "Id" = @p1
RETURNING 1;
2026-06-02 21:17:16.859 +03:00 [INF] Executed DbCommand (0ms) [Parameters=[@p0='?' (DbType = Decimal), @p1='?' (Size = 36), @p2='?' (DbType = DateTime), @p3='?' (Size = 36), @p4='?' (Size = 7)], CommandType='"Text"', CommandTimeout='30']
INSERT INTO "Payments" ("Amount", "BookingId", "PaymentDate", "PaymentId", "Status")
VALUES (@p0, @p1, @p2, @p3, @p4)
RETURNING "Id";
2026-06-02 21:17:16.866 +03:00 [INF] Оплата проведена: 7c48b8e9-abc8-4b20-a81f-49b49d110497
